/usr/local/lib/python3.11/site-packages/mlflow/pyfunc/utils/data_validation.py:187: UserWarning: Add type hints to the `predict` method to enable data validation and automatic signature inference during model logging. Check https://mlflow.org/docs/latest/model/python_model.html#type-hint-usage-in-pythonmodel for more details.
  color_warning(
2026/09/16 10:49:32 WARNING mlflow.utils.git_utils: Failed to import Git (the Git executable is probably not on your PATH), so Git SHA is not available. Error: Failed to initialize: Bad git executable.
The git executable must be specified in one of the following ways:
    - be included in your $PATH
    - be set via $GIT_PYTHON_GIT_EXECUTABLE
    - explicitly set via git.refresh(<full-path-to-git-executable>)

All git commands will error until this is rectified.

This initial message can be silenced or aggravated in the future by setting the
$GIT_PYTHON_REFRESH environment variable. Use one of the following values:
    - quiet|q|silence|s|silent|none|n|0: for no message or exception
    - warn|w|warning|log|l|1: for a warning message (logging level CRITICAL, displayed by default)
    - error|e|exception|raise|r|2: for a raised exception

Example:
    export GIT_PYTHON_REFRESH=quiet

2026/09/16 10:49:32 WARNING mlflow.utils.git_utils: Failed to import Git (the Git executable is probably not on your PATH), so Git branch is not available. Error: Failed to initialize: Bad git executable.
The git executable must be specified in one of the following ways:
    - be included in your $PATH
    - be set via $GIT_PYTHON_GIT_EXECUTABLE
    - explicitly set via git.refresh(<full-path-to-git-executable>)

All git commands will error until this is rectified.

This initial message can be silenced or aggravated in the future by setting the
$GIT_PYTHON_REFRESH environment variable. Use one of the following values:
    - quiet|q|silence|s|silent|none|n|0: for no message or exception
    - warn|w|warning|log|l|1: for a warning message (logging level CRITICAL, displayed by default)
    - error|e|exception|raise|r|2: for a raised exception

Example:
    export GIT_PYTHON_REFRESH=quiet

2026/09/16 10:49:32 WARNING mlflow.utils.git_utils: Failed to import Git (the Git executable is probably not on your PATH), so Git repository URL is not available. Error: Failed to initialize: Bad git executable.
The git executable must be specified in one of the following ways:
    - be included in your $PATH
    - be set via $GIT_PYTHON_GIT_EXECUTABLE
    - explicitly set via git.refresh(<full-path-to-git-executable>)

All git commands will error until this is rectified.

This initial message can be silenced or aggravated in the future by setting the
$GIT_PYTHON_REFRESH environment variable. Use one of the following values:
    - quiet|q|silence|s|silent|none|n|0: for no message or exception
    - warn|w|warning|log|l|1: for a warning message (logging level CRITICAL, displayed by default)
    - error|e|exception|raise|r|2: for a raised exception

Example:
    export GIT_PYTHON_REFRESH=quiet

2026/09/16 10:49:32 WARNING mlflow.pyfunc: Passing a Python object as `python_model` causes it to be serialized using CloudPickle, it requires exercising caution as Python object serialization mechanisms may execute arbitrary code during deserialization.Consider using a file path (str or Path) instead. See https://mlflow.org/docs/latest/ml/model/models-from-code/ for details.
Registered model 'video-transcriber-whisper' already exists. Creating a new version of this model...
Created version '3' of model 'video-transcriber-whisper'.
2026/09/16 10:49:48 WARNING mlflow.pyfunc: Passing a Python object as `python_model` causes it to be serialized using CloudPickle, it requires exercising caution as Python object serialization mechanisms may execute arbitrary code during deserialization.Consider using a file path (str or Path) instead. See https://mlflow.org/docs/latest/ml/model/models-from-code/ for details.
Registered model 'video-transcriber-whisper' already exists. Creating a new version of this model...
Created version '4' of model 'video-transcriber-whisper'.
Completed phase: evaluate
